// Jest Snapshot v1, https://goo.gl/fbAQLP

exports[`ArticlesList component should render component 1`] = `[Function]`;
