// Jest Snapshot v1, https://goo.gl/fbAQLP

exports[`Article Search Component should render the component 1`] = `[Function]`;
