// Jest Snapshot v1, https://goo.gl/fbAQLP

exports[`Atricle Component should render 1`] = `[Function]`;
